// Jest Snapshot v1, https://goo.gl/fbAQLP

exports[`<Nav/> Renders a minimal nav when signed out 1`] = `
<div>
  <nav
    class="flex mx-4 text-3xl font-bold w-max"
  >
    <p
      class="px-6 py-4 mx-2 border-4 rounded-md border-tokyo-term-magenta hover:cursor-pointer"
    >
      Products
    </p>
    <p
      class="px-6 py-4 mx-2 border-4 rounded-md border-tokyo-term-magenta hover:cursor-pointer"
    >
      Sign In
    </p>
  </nav>
</div>
`;
